C:/Users/Tommy/Documents/STM32/HW5_Basic_Timer_Programming/Core/Src/main.c:69:5:main	1
C:/Users/Tommy/Documents/STM32/HW5_Basic_Timer_Programming/Core/Src/main.c:115:6:SystemClock_Config	3
C:/Users/Tommy/Documents/STM32/HW5_Basic_Timer_Programming/Core/Src/main.c:163:13:MX_TIM2_Init	4
C:/Users/Tommy/Documents/STM32/HW5_Basic_Timer_Programming/Core/Src/main.c:208:13:MX_USART2_UART_Init	2
C:/Users/Tommy/Documents/STM32/HW5_Basic_Timer_Programming/Core/Src/main.c:241:13:MX_GPIO_Init	1
C:/Users/Tommy/Documents/STM32/HW5_Basic_Timer_Programming/Core/Src/main.c:276:6:HAL_TIM_PeriodElapsedCallback	2
C:/Users/Tommy/Documents/STM32/HW5_Basic_Timer_Programming/Core/Src/main.c:289:6:Error_Handler	1
