C:/Users/Tommy/Documents/STM32/HW5_Basic_Timer_Programming/Core/Src/main.c:69:5:main	8	static
C:/Users/Tommy/Documents/STM32/HW5_Basic_Timer_Programming/Core/Src/main.c:115:6:SystemClock_Config	88	static
C:/Users/Tommy/Documents/STM32/HW5_Basic_Timer_Programming/Core/Src/main.c:163:13:MX_TIM2_Init	32	static
C:/Users/Tommy/Documents/STM32/HW5_Basic_Timer_Programming/Core/Src/main.c:208:13:MX_USART2_UART_Init	8	static
C:/Users/Tommy/Documents/STM32/HW5_Basic_Timer_Programming/Core/Src/main.c:241:13:MX_GPIO_Init	48	static
C:/Users/Tommy/Documents/STM32/HW5_Basic_Timer_Programming/Core/Src/main.c:276:6:HAL_TIM_PeriodElapsedCallback	16	static
C:/Users/Tommy/Documents/STM32/HW5_Basic_Timer_Programming/Core/Src/main.c:289:6:Error_Handler	4	static,ignoring_inline_asm
