C:/Users/Tommy/Documents/USARTInterruptHW/Core/Src/main.c:66:5:main	40	static
C:/Users/Tommy/Documents/USARTInterruptHW/Core/Src/main.c:112:6:SystemClock_Config	88	static
C:/Users/Tommy/Documents/USARTInterruptHW/Core/Src/main.c:160:13:MX_USART2_UART_Init	8	static
C:/Users/Tommy/Documents/USARTInterruptHW/Core/Src/main.c:193:13:MX_GPIO_Init	48	static
C:/Users/Tommy/Documents/USARTInterruptHW/Core/Src/main.c:231:6:HAL_GPIO_EXTI_Callback	56	static
C:/Users/Tommy/Documents/USARTInterruptHW/Core/Src/main.c:246:6:Error_Handler	4	static,ignoring_inline_asm
